// Jest Snapshot v1, https://goo.gl/fbAQLP

exports[`Testing the <App /> component should render correctly 1`] = `
<div
  className="container"
>
  <h1
    style={
      Object {
        "textAlign": "center",
      }
    }
  >
    Hello World!
  </h1>
  <img
    alt="smiley"
    id="smiley-img"
    src={null}
  />
</div>
`;
